{
    "Body": {
      "Left": {},
      "Right": {},
      "Shift": -4
    }
}