{
  "$type": "Logical.Ast.Nodes.Abstraction, Logical.Ast",
  "VariableName": "a",
  "Body": {
    "$type": "Logical.Ast.Nodes.Variable, Logical.Ast",
    "Name": "b",
    "Annotation": null
  },
  "Type": null,
  "IsUnbound": false,
  "Annotation": null
}
